============================================
Job ID: 39174
Node:   cn07
Date:   Tue Aug 18 06:05:52 IST 2026
============================================

Python: Python 3.11.15
PyTorch: 2.12.0+cu130
CUDA: True
GPU: NVIDIA RTX PRO 6000 Blackwell Server Edition

Starting Modified ViT (2D RoPE) training...
Using device: cuda
  GPU: NVIDIA RTX PRO 6000 Blackwell Server Edition
Loading CIFAR-100...
  Train: 45000 samples
  Val:   5000 samples
  Test:  10000 samples

Modified ViT (2D Rotary Position Embedding)
  Total parameters:     5,367,652
  Trainable parameters: 5,367,652

Starting training for 200 epochs...
Epoch [1/200] Train Loss: 4.5180 | Train Acc (approx): 2.80% | Val Loss: 4.2060 | Val Acc: 6.22% | LR: 0.000200 | Time: 17.7s
  -> New best val accuracy: 6.22%
Epoch [2/200] Train Loss: 4.4116 | Train Acc (approx): 3.90% | Val Loss: 3.9975 | Val Acc: 8.72% | LR: 0.000300 | Time: 14.6s
  -> New best val accuracy: 8.72%
Epoch [3/200] Train Loss: 4.3416 | Train Acc (approx): 5.46% | Val Loss: 3.8047 | Val Acc: 12.94% | LR: 0.000400 | Time: 15.1s
  -> New best val accuracy: 12.94%
Epoch [4/200] Train Loss: 4.2908 | Train Acc (approx): 6.13% | Val Loss: 3.6283 | Val Acc: 16.70% | LR: 0.000500 | Time: 14.1s
  -> New best val accuracy: 16.70%
Epoch [5/200] Train Loss: 4.2550 | Train Acc (approx): 6.74% | Val Loss: 3.5426 | Val Acc: 17.18% | LR: 0.000600 | Time: 14.7s
  -> New best val accuracy: 17.18%
Epoch [6/200] Train Loss: 4.2279 | Train Acc (approx): 7.17% | Val Loss: 3.4389 | Val Acc: 20.08% | LR: 0.000700 | Time: 14.7s
  -> New best val accuracy: 20.08%
Epoch [7/200] Train Loss: 4.2023 | Train Acc (approx): 7.80% | Val Loss: 3.3423 | Val Acc: 21.90% | LR: 0.000800 | Time: 14.2s
  -> New best val accuracy: 21.90%
Epoch [8/200] Train Loss: 4.1656 | Train Acc (approx): 8.33% | Val Loss: 3.2954 | Val Acc: 21.50% | LR: 0.000900 | Time: 14.4s
Epoch [9/200] Train Loss: 4.1418 | Train Acc (approx): 9.03% | Val Loss: 3.2076 | Val Acc: 24.50% | LR: 0.001000 | Time: 15.2s
  -> New best val accuracy: 24.50%
Epoch [10/200] Train Loss: 4.1024 | Train Acc (approx): 9.31% | Val Loss: 3.0641 | Val Acc: 26.38% | LR: 0.001000 | Time: 15.3s
  -> New best val accuracy: 26.38%
Epoch [11/200] Train Loss: 4.0376 | Train Acc (approx): 10.67% | Val Loss: 3.0999 | Val Acc: 26.08% | LR: 0.001000 | Time: 14.9s
Epoch [12/200] Train Loss: 4.0206 | Train Acc (approx): 11.00% | Val Loss: 2.9294 | Val Acc: 30.32% | LR: 0.001000 | Time: 14.3s
  -> New best val accuracy: 30.32%
Epoch [13/200] Train Loss: 3.9522 | Train Acc (approx): 12.51% | Val Loss: 2.7977 | Val Acc: 32.14% | LR: 0.000999 | Time: 14.6s
  -> New best val accuracy: 32.14%
Epoch [14/200] Train Loss: 3.9179 | Train Acc (approx): 12.46% | Val Loss: 2.7220 | Val Acc: 33.70% | LR: 0.000999 | Time: 14.5s
  -> New best val accuracy: 33.70%
Epoch [15/200] Train Loss: 3.8622 | Train Acc (approx): 13.58% | Val Loss: 2.6134 | Val Acc: 33.92% | LR: 0.000998 | Time: 15.0s
  -> New best val accuracy: 33.92%
Epoch [16/200] Train Loss: 3.8164 | Train Acc (approx): 15.19% | Val Loss: 2.5598 | Val Acc: 37.54% | LR: 0.000998 | Time: 14.7s
  -> New best val accuracy: 37.54%
Epoch [17/200] Train Loss: 3.8224 | Train Acc (approx): 15.03% | Val Loss: 2.4399 | Val Acc: 39.26% | LR: 0.000997 | Time: 14.1s
  -> New best val accuracy: 39.26%
Epoch [18/200] Train Loss: 3.8037 | Train Acc (approx): 15.81% | Val Loss: 2.4430 | Val Acc: 40.20% | LR: 0.000996 | Time: 14.1s
  -> New best val accuracy: 40.20%
Epoch [19/200] Train Loss: 3.7540 | Train Acc (approx): 16.45% | Val Loss: 2.3519 | Val Acc: 40.78% | LR: 0.000994 | Time: 14.2s
  -> New best val accuracy: 40.78%
Epoch [20/200] Train Loss: 3.7540 | Train Acc (approx): 17.22% | Val Loss: 2.3794 | Val Acc: 40.46% | LR: 0.000993 | Time: 14.4s
Epoch [21/200] Train Loss: 3.7089 | Train Acc (approx): 17.32% | Val Loss: 2.2848 | Val Acc: 43.26% | LR: 0.000992 | Time: 14.6s
  -> New best val accuracy: 43.26%
Epoch [22/200] Train Loss: 3.6737 | Train Acc (approx): 18.05% | Val Loss: 2.2110 | Val Acc: 44.78% | LR: 0.000990 | Time: 15.1s
  -> New best val accuracy: 44.78%
Epoch [23/200] Train Loss: 3.6485 | Train Acc (approx): 18.67% | Val Loss: 2.1849 | Val Acc: 45.86% | LR: 0.000988 | Time: 15.0s
  -> New best val accuracy: 45.86%
Epoch [24/200] Train Loss: 3.6458 | Train Acc (approx): 20.00% | Val Loss: 2.2235 | Val Acc: 44.64% | LR: 0.000987 | Time: 14.8s
Epoch [25/200] Train Loss: 3.6057 | Train Acc (approx): 20.33% | Val Loss: 2.1269 | Val Acc: 47.36% | LR: 0.000985 | Time: 14.6s
  -> New best val accuracy: 47.36%
Epoch [26/200] Train Loss: 3.6020 | Train Acc (approx): 20.12% | Val Loss: 2.0918 | Val Acc: 48.30% | LR: 0.000983 | Time: 15.4s
  -> New best val accuracy: 48.30%
Epoch [27/200] Train Loss: 3.5550 | Train Acc (approx): 21.49% | Val Loss: 2.0643 | Val Acc: 48.06% | LR: 0.000980 | Time: 15.1s
Epoch [28/200] Train Loss: 3.5701 | Train Acc (approx): 21.06% | Val Loss: 2.0933 | Val Acc: 48.38% | LR: 0.000978 | Time: 14.9s
  -> New best val accuracy: 48.38%
Epoch [29/200] Train Loss: 3.5727 | Train Acc (approx): 21.26% | Val Loss: 2.0162 | Val Acc: 49.06% | LR: 0.000976 | Time: 14.2s
  -> New best val accuracy: 49.06%
Epoch [30/200] Train Loss: 3.5611 | Train Acc (approx): 22.09% | Val Loss: 2.0170 | Val Acc: 49.38% | LR: 0.000973 | Time: 14.5s
  -> New best val accuracy: 49.38%
Epoch [31/200] Train Loss: 3.5475 | Train Acc (approx): 21.32% | Val Loss: 1.9734 | Val Acc: 50.96% | LR: 0.000970 | Time: 14.8s
  -> New best val accuracy: 50.96%
Epoch [32/200] Train Loss: 3.5035 | Train Acc (approx): 21.69% | Val Loss: 1.9780 | Val Acc: 50.80% | LR: 0.000967 | Time: 15.3s
Epoch [33/200] Train Loss: 3.4566 | Train Acc (approx): 23.75% | Val Loss: 1.9285 | Val Acc: 52.46% | LR: 0.000964 | Time: 13.9s
  -> New best val accuracy: 52.46%
Epoch [34/200] Train Loss: 3.5059 | Train Acc (approx): 21.48% | Val Loss: 1.8879 | Val Acc: 52.38% | LR: 0.000961 | Time: 14.9s
Epoch [35/200] Train Loss: 3.4958 | Train Acc (approx): 23.76% | Val Loss: 1.8830 | Val Acc: 53.56% | LR: 0.000958 | Time: 14.7s
  -> New best val accuracy: 53.56%
Epoch [36/200] Train Loss: 3.4409 | Train Acc (approx): 22.91% | Val Loss: 1.8877 | Val Acc: 52.72% | LR: 0.000955 | Time: 14.6s
Epoch [37/200] Train Loss: 3.4501 | Train Acc (approx): 23.30% | Val Loss: 1.8964 | Val Acc: 52.50% | LR: 0.000951 | Time: 14.7s
Epoch [38/200] Train Loss: 3.4460 | Train Acc (approx): 24.92% | Val Loss: 1.8714 | Val Acc: 53.72% | LR: 0.000947 | Time: 14.9s
  -> New best val accuracy: 53.72%
Epoch [39/200] Train Loss: 3.4082 | Train Acc (approx): 24.37% | Val Loss: 1.8318 | Val Acc: 53.62% | LR: 0.000944 | Time: 14.7s
Epoch [40/200] Train Loss: 3.3973 | Train Acc (approx): 24.78% | Val Loss: 1.8311 | Val Acc: 53.98% | LR: 0.000940 | Time: 14.1s
  -> New best val accuracy: 53.98%
Epoch [41/200] Train Loss: 3.3902 | Train Acc (approx): 23.30% | Val Loss: 1.8313 | Val Acc: 55.56% | LR: 0.000936 | Time: 15.0s
  -> New best val accuracy: 55.56%
Epoch [42/200] Train Loss: 3.3653 | Train Acc (approx): 25.82% | Val Loss: 1.7896 | Val Acc: 55.36% | LR: 0.000932 | Time: 15.3s
Epoch [43/200] Train Loss: 3.3772 | Train Acc (approx): 25.93% | Val Loss: 1.7729 | Val Acc: 55.50% | LR: 0.000927 | Time: 14.6s
Epoch [44/200] Train Loss: 3.3505 | Train Acc (approx): 26.93% | Val Loss: 1.7517 | Val Acc: 56.62% | LR: 0.000923 | Time: 14.9s
  -> New best val accuracy: 56.62%
Epoch [45/200] Train Loss: 3.3764 | Train Acc (approx): 26.82% | Val Loss: 1.7385 | Val Acc: 56.02% | LR: 0.000919 | Time: 15.1s
Epoch [46/200] Train Loss: 3.3039 | Train Acc (approx): 27.07% | Val Loss: 1.6895 | Val Acc: 57.70% | LR: 0.000914 | Time: 13.9s
  -> New best val accuracy: 57.70%
Epoch [47/200] Train Loss: 3.3677 | Train Acc (approx): 25.69% | Val Loss: 1.7478 | Val Acc: 56.18% | LR: 0.000909 | Time: 14.9s
Epoch [48/200] Train Loss: 3.3148 | Train Acc (approx): 27.37% | Val Loss: 1.7086 | Val Acc: 57.20% | LR: 0.000905 | Time: 14.8s
Epoch [49/200] Train Loss: 3.3434 | Train Acc (approx): 25.60% | Val Loss: 1.7405 | Val Acc: 57.52% | LR: 0.000900 | Time: 14.7s
Epoch [50/200] Train Loss: 3.3710 | Train Acc (approx): 26.13% | Val Loss: 1.7297 | Val Acc: 57.60% | LR: 0.000895 | Time: 13.7s
Epoch [51/200] Train Loss: 3.2944 | Train Acc (approx): 27.20% | Val Loss: 1.6171 | Val Acc: 59.28% | LR: 0.000889 | Time: 14.7s
  -> New best val accuracy: 59.28%
Epoch [52/200] Train Loss: 3.3154 | Train Acc (approx): 27.24% | Val Loss: 1.6853 | Val Acc: 58.50% | LR: 0.000884 | Time: 14.3s
Epoch [53/200] Train Loss: 3.2901 | Train Acc (approx): 27.60% | Val Loss: 1.6583 | Val Acc: 59.54% | LR: 0.000879 | Time: 14.8s
  -> New best val accuracy: 59.54%
Epoch [54/200] Train Loss: 3.2938 | Train Acc (approx): 27.76% | Val Loss: 1.6481 | Val Acc: 58.76% | LR: 0.000873 | Time: 14.4s
Epoch [55/200] Train Loss: 3.2572 | Train Acc (approx): 27.99% | Val Loss: 1.6107 | Val Acc: 59.66% | LR: 0.000868 | Time: 15.4s
  -> New best val accuracy: 59.66%
Epoch [56/200] Train Loss: 3.2722 | Train Acc (approx): 29.55% | Val Loss: 1.6244 | Val Acc: 59.90% | LR: 0.000862 | Time: 14.2s
  -> New best val accuracy: 59.90%
Epoch [57/200] Train Loss: 3.2207 | Train Acc (approx): 27.83% | Val Loss: 1.5866 | Val Acc: 60.58% | LR: 0.000856 | Time: 14.6s
  -> New best val accuracy: 60.58%
Epoch [58/200] Train Loss: 3.2682 | Train Acc (approx): 27.74% | Val Loss: 1.5978 | Val Acc: 60.26% | LR: 0.000851 | Time: 15.2s
Epoch [59/200] Train Loss: 3.2188 | Train Acc (approx): 29.05% | Val Loss: 1.5912 | Val Acc: 60.14% | LR: 0.000845 | Time: 14.9s
Epoch [60/200] Train Loss: 3.2249 | Train Acc (approx): 29.81% | Val Loss: 1.5523 | Val Acc: 62.20% | LR: 0.000839 | Time: 14.8s
  -> New best val accuracy: 62.20%
Epoch [61/200] Train Loss: 3.2082 | Train Acc (approx): 27.51% | Val Loss: 1.6340 | Val Acc: 59.68% | LR: 0.000833 | Time: 14.3s
Epoch [62/200] Train Loss: 3.1958 | Train Acc (approx): 28.91% | Val Loss: 1.5651 | Val Acc: 61.26% | LR: 0.000826 | Time: 15.2s
Epoch [63/200] Train Loss: 3.1884 | Train Acc (approx): 30.28% | Val Loss: 1.5206 | Val Acc: 62.18% | LR: 0.000820 | Time: 14.8s
Epoch [64/200] Train Loss: 3.1804 | Train Acc (approx): 28.57% | Val Loss: 1.5545 | Val Acc: 62.16% | LR: 0.000814 | Time: 14.4s
Epoch [65/200] Train Loss: 3.1947 | Train Acc (approx): 31.61% | Val Loss: 1.5491 | Val Acc: 61.60% | LR: 0.000807 | Time: 15.1s
Epoch [66/200] Train Loss: 3.1999 | Train Acc (approx): 28.79% | Val Loss: 1.5948 | Val Acc: 60.56% | LR: 0.000801 | Time: 15.1s
Epoch [67/200] Train Loss: 3.1763 | Train Acc (approx): 31.19% | Val Loss: 1.5265 | Val Acc: 61.78% | LR: 0.000794 | Time: 15.4s
Epoch [68/200] Train Loss: 3.2051 | Train Acc (approx): 30.78% | Val Loss: 1.5169 | Val Acc: 62.24% | LR: 0.000787 | Time: 15.0s
  -> New best val accuracy: 62.24%
Epoch [69/200] Train Loss: 3.1914 | Train Acc (approx): 30.39% | Val Loss: 1.5385 | Val Acc: 61.94% | LR: 0.000780 | Time: 14.7s
Epoch [70/200] Train Loss: 3.1237 | Train Acc (approx): 30.51% | Val Loss: 1.5199 | Val Acc: 62.36% | LR: 0.000773 | Time: 15.4s
  -> New best val accuracy: 62.36%
Epoch [71/200] Train Loss: 3.1356 | Train Acc (approx): 31.96% | Val Loss: 1.4982 | Val Acc: 63.20% | LR: 0.000767 | Time: 13.8s
  -> New best val accuracy: 63.20%
Epoch [72/200] Train Loss: 3.1353 | Train Acc (approx): 29.67% | Val Loss: 1.5035 | Val Acc: 62.80% | LR: 0.000759 | Time: 15.6s
Epoch [73/200] Train Loss: 3.1809 | Train Acc (approx): 31.96% | Val Loss: 1.5362 | Val Acc: 62.26% | LR: 0.000752 | Time: 15.1s
Epoch [74/200] Train Loss: 3.1980 | Train Acc (approx): 30.61% | Val Loss: 1.4855 | Val Acc: 63.18% | LR: 0.000745 | Time: 14.0s
Epoch [75/200] Train Loss: 3.1620 | Train Acc (approx): 30.26% | Val Loss: 1.4758 | Val Acc: 63.62% | LR: 0.000738 | Time: 14.6s
  -> New best val accuracy: 63.62%
Epoch [76/200] Train Loss: 3.0977 | Train Acc (approx): 31.55% | Val Loss: 1.4726 | Val Acc: 63.44% | LR: 0.000731 | Time: 14.6s
Epoch [77/200] Train Loss: 3.1125 | Train Acc (approx): 30.59% | Val Loss: 1.4661 | Val Acc: 63.88% | LR: 0.000723 | Time: 13.8s
  -> New best val accuracy: 63.88%
Epoch [78/200] Train Loss: 3.1010 | Train Acc (approx): 31.99% | Val Loss: 1.4447 | Val Acc: 64.84% | LR: 0.000716 | Time: 14.6s
  -> New best val accuracy: 64.84%
Epoch [79/200] Train Loss: 3.0704 | Train Acc (approx): 33.38% | Val Loss: 1.4516 | Val Acc: 64.26% | LR: 0.000708 | Time: 14.6s
Epoch [80/200] Train Loss: 3.0976 | Train Acc (approx): 33.54% | Val Loss: 1.4355 | Val Acc: 64.40% | LR: 0.000701 | Time: 14.5s
Epoch [81/200] Train Loss: 3.0957 | Train Acc (approx): 32.09% | Val Loss: 1.4518 | Val Acc: 64.30% | LR: 0.000693 | Time: 14.6s
Epoch [82/200] Train Loss: 3.0923 | Train Acc (approx): 33.46% | Val Loss: 1.4513 | Val Acc: 64.74% | LR: 0.000686 | Time: 14.3s
Epoch [83/200] Train Loss: 3.0879 | Train Acc (approx): 31.53% | Val Loss: 1.4418 | Val Acc: 64.42% | LR: 0.000678 | Time: 14.3s
Epoch [84/200] Train Loss: 3.1093 | Train Acc (approx): 32.53% | Val Loss: 1.4196 | Val Acc: 65.68% | LR: 0.000670 | Time: 14.8s
  -> New best val accuracy: 65.68%
Epoch [85/200] Train Loss: 3.0800 | Train Acc (approx): 32.43% | Val Loss: 1.4065 | Val Acc: 65.76% | LR: 0.000662 | Time: 15.3s
  -> New best val accuracy: 65.76%
Epoch [86/200] Train Loss: 3.0650 | Train Acc (approx): 32.85% | Val Loss: 1.4270 | Val Acc: 65.44% | LR: 0.000655 | Time: 16.0s
Epoch [87/200] Train Loss: 3.0383 | Train Acc (approx): 33.75% | Val Loss: 1.4142 | Val Acc: 64.84% | LR: 0.000647 | Time: 15.0s
Epoch [88/200] Train Loss: 3.0452 | Train Acc (approx): 32.03% | Val Loss: 1.3930 | Val Acc: 65.52% | LR: 0.000639 | Time: 14.8s
Epoch [89/200] Train Loss: 3.0502 | Train Acc (approx): 34.08% | Val Loss: 1.3996 | Val Acc: 65.48% | LR: 0.000631 | Time: 15.6s
Epoch [90/200] Train Loss: 3.0431 | Train Acc (approx): 34.15% | Val Loss: 1.4047 | Val Acc: 65.16% | LR: 0.000623 | Time: 14.4s
Epoch [91/200] Train Loss: 3.0408 | Train Acc (approx): 35.77% | Val Loss: 1.4279 | Val Acc: 65.16% | LR: 0.000615 | Time: 15.1s
Epoch [92/200] Train Loss: 3.0850 | Train Acc (approx): 34.65% | Val Loss: 1.3984 | Val Acc: 65.90% | LR: 0.000607 | Time: 15.3s
  -> New best val accuracy: 65.90%
Epoch [93/200] Train Loss: 3.0296 | Train Acc (approx): 33.36% | Val Loss: 1.3964 | Val Acc: 66.40% | LR: 0.000599 | Time: 15.1s
  -> New best val accuracy: 66.40%
Epoch [94/200] Train Loss: 2.9925 | Train Acc (approx): 35.73% | Val Loss: 1.3894 | Val Acc: 65.42% | LR: 0.000590 | Time: 14.3s
Epoch [95/200] Train Loss: 3.0790 | Train Acc (approx): 34.95% | Val Loss: 1.3819 | Val Acc: 66.18% | LR: 0.000582 | Time: 14.3s
Epoch [96/200] Train Loss: 3.0227 | Train Acc (approx): 33.55% | Val Loss: 1.4002 | Val Acc: 65.38% | LR: 0.000574 | Time: 14.4s
Epoch [97/200] Train Loss: 2.9822 | Train Acc (approx): 33.32% | Val Loss: 1.3559 | Val Acc: 67.20% | LR: 0.000566 | Time: 14.1s
  -> New best val accuracy: 67.20%
Epoch [98/200] Train Loss: 2.9683 | Train Acc (approx): 36.10% | Val Loss: 1.3739 | Val Acc: 66.46% | LR: 0.000558 | Time: 15.2s
Epoch [99/200] Train Loss: 2.9995 | Train Acc (approx): 32.38% | Val Loss: 1.3261 | Val Acc: 67.42% | LR: 0.000550 | Time: 14.8s
  -> New best val accuracy: 67.42%
Epoch [100/200] Train Loss: 2.9574 | Train Acc (approx): 34.71% | Val Loss: 1.3676 | Val Acc: 66.52% | LR: 0.000541 | Time: 14.3s
Epoch [101/200] Train Loss: 3.0051 | Train Acc (approx): 36.54% | Val Loss: 1.3437 | Val Acc: 67.16% | LR: 0.000533 | Time: 14.7s
Epoch [102/200] Train Loss: 2.9617 | Train Acc (approx): 35.26% | Val Loss: 1.3127 | Val Acc: 68.10% | LR: 0.000525 | Time: 14.6s
  -> New best val accuracy: 68.10%
Epoch [103/200] Train Loss: 2.9985 | Train Acc (approx): 35.41% | Val Loss: 1.3388 | Val Acc: 67.40% | LR: 0.000517 | Time: 14.4s
Epoch [104/200] Train Loss: 2.9991 | Train Acc (approx): 35.56% | Val Loss: 1.3172 | Val Acc: 68.10% | LR: 0.000508 | Time: 14.8s
Epoch [105/200] Train Loss: 2.9749 | Train Acc (approx): 33.89% | Val Loss: 1.3472 | Val Acc: 68.02% | LR: 0.000500 | Time: 14.2s
Epoch [106/200] Train Loss: 2.9700 | Train Acc (approx): 35.14% | Val Loss: 1.3103 | Val Acc: 68.32% | LR: 0.000492 | Time: 14.8s
  -> New best val accuracy: 68.32%
Epoch [107/200] Train Loss: 2.9391 | Train Acc (approx): 35.72% | Val Loss: 1.3164 | Val Acc: 68.06% | LR: 0.000483 | Time: 14.5s
Epoch [108/200] Train Loss: 2.9063 | Train Acc (approx): 38.92% | Val Loss: 1.3056 | Val Acc: 68.06% | LR: 0.000475 | Time: 14.8s
Epoch [109/200] Train Loss: 2.9467 | Train Acc (approx): 38.29% | Val Loss: 1.3046 | Val Acc: 68.16% | LR: 0.000467 | Time: 14.6s
Epoch [110/200] Train Loss: 2.9429 | Train Acc (approx): 35.73% | Val Loss: 1.3275 | Val Acc: 67.62% | LR: 0.000459 | Time: 14.9s
Epoch [111/200] Train Loss: 2.8555 | Train Acc (approx): 39.00% | Val Loss: 1.2708 | Val Acc: 69.46% | LR: 0.000450 | Time: 15.2s
  -> New best val accuracy: 69.46%
Epoch [112/200] Train Loss: 2.9394 | Train Acc (approx): 38.96% | Val Loss: 1.2865 | Val Acc: 68.90% | LR: 0.000442 | Time: 14.8s
Epoch [113/200] Train Loss: 2.9112 | Train Acc (approx): 38.29% | Val Loss: 1.2820 | Val Acc: 68.60% | LR: 0.000434 | Time: 15.0s
Epoch [114/200] Train Loss: 2.9015 | Train Acc (approx): 36.97% | Val Loss: 1.2966 | Val Acc: 68.58% | LR: 0.000426 | Time: 15.1s
Epoch [115/200] Train Loss: 2.9345 | Train Acc (approx): 37.39% | Val Loss: 1.2951 | Val Acc: 68.44% | LR: 0.000418 | Time: 14.8s
Epoch [116/200] Train Loss: 2.9755 | Train Acc (approx): 36.85% | Val Loss: 1.2924 | Val Acc: 68.62% | LR: 0.000410 | Time: 14.9s
Epoch [117/200] Train Loss: 2.8655 | Train Acc (approx): 38.30% | Val Loss: 1.2604 | Val Acc: 69.56% | LR: 0.000401 | Time: 14.1s
  -> New best val accuracy: 69.56%
Epoch [118/200] Train Loss: 2.9399 | Train Acc (approx): 39.70% | Val Loss: 1.2570 | Val Acc: 69.30% | LR: 0.000393 | Time: 14.6s
Epoch [119/200] Train Loss: 2.8136 | Train Acc (approx): 42.54% | Val Loss: 1.2537 | Val Acc: 69.56% | LR: 0.000385 | Time: 14.7s
Epoch [120/200] Train Loss: 2.8237 | Train Acc (approx): 40.03% | Val Loss: 1.2739 | Val Acc: 68.90% | LR: 0.000377 | Time: 14.5s
Epoch [121/200] Train Loss: 2.8153 | Train Acc (approx): 40.04% | Val Loss: 1.2570 | Val Acc: 69.18% | LR: 0.000369 | Time: 14.6s
Epoch [122/200] Train Loss: 2.8835 | Train Acc (approx): 38.35% | Val Loss: 1.2621 | Val Acc: 69.52% | LR: 0.000361 | Time: 15.0s
Epoch [123/200] Train Loss: 2.9076 | Train Acc (approx): 37.30% | Val Loss: 1.2506 | Val Acc: 69.30% | LR: 0.000353 | Time: 15.5s
Epoch [124/200] Train Loss: 2.8533 | Train Acc (approx): 38.69% | Val Loss: 1.2320 | Val Acc: 70.46% | LR: 0.000345 | Time: 15.9s
  -> New best val accuracy: 70.46%
Epoch [125/200] Train Loss: 2.9000 | Train Acc (approx): 38.72% | Val Loss: 1.2444 | Val Acc: 69.76% | LR: 0.000338 | Time: 14.9s
Epoch [126/200] Train Loss: 2.8763 | Train Acc (approx): 37.01% | Val Loss: 1.2378 | Val Acc: 69.86% | LR: 0.000330 | Time: 13.8s
Epoch [127/200] Train Loss: 2.8891 | Train Acc (approx): 38.10% | Val Loss: 1.2262 | Val Acc: 70.14% | LR: 0.000322 | Time: 15.3s
Epoch [128/200] Train Loss: 2.8148 | Train Acc (approx): 39.11% | Val Loss: 1.2165 | Val Acc: 70.04% | LR: 0.000314 | Time: 14.8s
Epoch [129/200] Train Loss: 2.8559 | Train Acc (approx): 38.60% | Val Loss: 1.2270 | Val Acc: 70.36% | LR: 0.000307 | Time: 14.7s
Epoch [130/200] Train Loss: 2.8389 | Train Acc (approx): 37.93% | Val Loss: 1.2473 | Val Acc: 69.80% | LR: 0.000299 | Time: 15.1s
Epoch [131/200] Train Loss: 2.7862 | Train Acc (approx): 39.84% | Val Loss: 1.2194 | Val Acc: 70.16% | LR: 0.000292 | Time: 15.4s
Epoch [132/200] Train Loss: 2.8387 | Train Acc (approx): 36.33% | Val Loss: 1.2361 | Val Acc: 70.22% | LR: 0.000284 | Time: 14.9s
Epoch [133/200] Train Loss: 2.8129 | Train Acc (approx): 40.29% | Val Loss: 1.2311 | Val Acc: 70.16% | LR: 0.000277 | Time: 15.0s
Epoch [134/200] Train Loss: 2.8072 | Train Acc (approx): 40.15% | Val Loss: 1.2099 | Val Acc: 70.38% | LR: 0.000269 | Time: 15.4s
Epoch [135/200] Train Loss: 2.7787 | Train Acc (approx): 39.70% | Val Loss: 1.2110 | Val Acc: 70.30% | LR: 0.000262 | Time: 15.2s
Epoch [136/200] Train Loss: 2.8161 | Train Acc (approx): 40.30% | Val Loss: 1.2383 | Val Acc: 70.52% | LR: 0.000255 | Time: 15.3s
  -> New best val accuracy: 70.52%
Epoch [137/200] Train Loss: 2.8584 | Train Acc (approx): 39.13% | Val Loss: 1.2269 | Val Acc: 70.34% | LR: 0.000248 | Time: 15.5s
Epoch [138/200] Train Loss: 2.8431 | Train Acc (approx): 39.63% | Val Loss: 1.1917 | Val Acc: 71.34% | LR: 0.000241 | Time: 15.0s
  -> New best val accuracy: 71.34%
Epoch [139/200] Train Loss: 2.7775 | Train Acc (approx): 37.86% | Val Loss: 1.2191 | Val Acc: 70.96% | LR: 0.000233 | Time: 14.2s
Epoch [140/200] Train Loss: 2.7611 | Train Acc (approx): 39.79% | Val Loss: 1.2057 | Val Acc: 70.54% | LR: 0.000227 | Time: 14.6s
Epoch [141/200] Train Loss: 2.7714 | Train Acc (approx): 39.21% | Val Loss: 1.2206 | Val Acc: 70.60% | LR: 0.000220 | Time: 14.4s
Epoch [142/200] Train Loss: 2.7964 | Train Acc (approx): 44.62% | Val Loss: 1.2062 | Val Acc: 70.98% | LR: 0.000213 | Time: 15.0s
Epoch [143/200] Train Loss: 2.7623 | Train Acc (approx): 41.39% | Val Loss: 1.1895 | Val Acc: 70.90% | LR: 0.000206 | Time: 16.3s
Epoch [144/200] Train Loss: 2.7123 | Train Acc (approx): 41.60% | Val Loss: 1.2017 | Val Acc: 71.32% | LR: 0.000199 | Time: 15.2s
Epoch [145/200] Train Loss: 2.7570 | Train Acc (approx): 40.93% | Val Loss: 1.1835 | Val Acc: 71.10% | LR: 0.000193 | Time: 14.9s
Epoch [146/200] Train Loss: 2.7931 | Train Acc (approx): 40.71% | Val Loss: 1.1821 | Val Acc: 71.64% | LR: 0.000186 | Time: 15.1s
  -> New best val accuracy: 71.64%
Epoch [147/200] Train Loss: 2.7681 | Train Acc (approx): 40.17% | Val Loss: 1.2176 | Val Acc: 71.18% | LR: 0.000180 | Time: 15.1s
Epoch [148/200] Train Loss: 2.7495 | Train Acc (approx): 43.21% | Val Loss: 1.2007 | Val Acc: 71.52% | LR: 0.000174 | Time: 14.7s
Epoch [149/200] Train Loss: 2.7466 | Train Acc (approx): 42.00% | Val Loss: 1.1793 | Val Acc: 71.62% | LR: 0.000167 | Time: 14.9s
Epoch [150/200] Train Loss: 2.7575 | Train Acc (approx): 42.63% | Val Loss: 1.1889 | Val Acc: 71.72% | LR: 0.000161 | Time: 15.0s
  -> New best val accuracy: 71.72%
Epoch [151/200] Train Loss: 2.6659 | Train Acc (approx): 41.42% | Val Loss: 1.1905 | Val Acc: 71.98% | LR: 0.000155 | Time: 15.6s
  -> New best val accuracy: 71.98%
Epoch [152/200] Train Loss: 2.7309 | Train Acc (approx): 44.05% | Val Loss: 1.1622 | Val Acc: 71.96% | LR: 0.000149 | Time: 15.7s
Epoch [153/200] Train Loss: 2.7502 | Train Acc (approx): 42.76% | Val Loss: 1.1724 | Val Acc: 72.30% | LR: 0.000144 | Time: 15.4s
  -> New best val accuracy: 72.30%
Epoch [154/200] Train Loss: 2.7530 | Train Acc (approx): 41.29% | Val Loss: 1.1723 | Val Acc: 71.76% | LR: 0.000138 | Time: 13.9s
Epoch [155/200] Train Loss: 2.7336 | Train Acc (approx): 40.38% | Val Loss: 1.1652 | Val Acc: 71.98% | LR: 0.000132 | Time: 14.0s
Epoch [156/200] Train Loss: 2.7786 | Train Acc (approx): 41.00% | Val Loss: 1.1838 | Val Acc: 71.56% | LR: 0.000127 | Time: 14.5s
Epoch [157/200] Train Loss: 2.7783 | Train Acc (approx): 42.34% | Val Loss: 1.1872 | Val Acc: 72.06% | LR: 0.000121 | Time: 14.8s
Epoch [158/200] Train Loss: 2.7109 | Train Acc (approx): 38.66% | Val Loss: 1.1735 | Val Acc: 72.36% | LR: 0.000116 | Time: 14.6s
  -> New best val accuracy: 72.36%
Epoch [159/200] Train Loss: 2.6409 | Train Acc (approx): 46.37% | Val Loss: 1.1504 | Val Acc: 72.56% | LR: 0.000111 | Time: 14.8s
  -> New best val accuracy: 72.56%
Epoch [160/200] Train Loss: 2.7066 | Train Acc (approx): 44.01% | Val Loss: 1.1549 | Val Acc: 72.42% | LR: 0.000105 | Time: 15.7s
Epoch [161/200] Train Loss: 2.7476 | Train Acc (approx): 43.33% | Val Loss: 1.1759 | Val Acc: 72.40% | LR: 0.000100 | Time: 14.9s
Epoch [162/200] Train Loss: 2.6928 | Train Acc (approx): 42.71% | Val Loss: 1.1611 | Val Acc: 72.40% | LR: 0.000095 | Time: 14.7s
Epoch [163/200] Train Loss: 2.6859 | Train Acc (approx): 43.14% | Val Loss: 1.1507 | Val Acc: 72.46% | LR: 0.000091 | Time: 14.8s
Epoch [164/200] Train Loss: 2.6331 | Train Acc (approx): 47.18% | Val Loss: 1.1619 | Val Acc: 72.38% | LR: 0.000086 | Time: 14.8s
Epoch [165/200] Train Loss: 2.6833 | Train Acc (approx): 42.29% | Val Loss: 1.1457 | Val Acc: 72.48% | LR: 0.000081 | Time: 15.3s
Epoch [166/200] Train Loss: 2.7084 | Train Acc (approx): 42.63% | Val Loss: 1.1542 | Val Acc: 72.88% | LR: 0.000077 | Time: 14.9s
  -> New best val accuracy: 72.88%
Epoch [167/200] Train Loss: 2.6856 | Train Acc (approx): 42.89% | Val Loss: 1.1552 | Val Acc: 72.24% | LR: 0.000073 | Time: 14.5s
Epoch [168/200] Train Loss: 2.6421 | Train Acc (approx): 43.24% | Val Loss: 1.1482 | Val Acc: 72.90% | LR: 0.000068 | Time: 15.6s
  -> New best val accuracy: 72.90%
Epoch [169/200] Train Loss: 2.6888 | Train Acc (approx): 45.26% | Val Loss: 1.1565 | Val Acc: 72.56% | LR: 0.000064 | Time: 14.5s
Epoch [170/200] Train Loss: 2.6499 | Train Acc (approx): 44.06% | Val Loss: 1.1559 | Val Acc: 72.56% | LR: 0.000060 | Time: 15.5s
Epoch [171/200] Train Loss: 2.7297 | Train Acc (approx): 41.58% | Val Loss: 1.1576 | Val Acc: 72.82% | LR: 0.000056 | Time: 15.1s
Epoch [172/200] Train Loss: 2.7022 | Train Acc (approx): 40.97% | Val Loss: 1.1363 | Val Acc: 73.10% | LR: 0.000053 | Time: 15.3s
  -> New best val accuracy: 73.10%
Epoch [173/200] Train Loss: 2.6112 | Train Acc (approx): 44.22% | Val Loss: 1.1357 | Val Acc: 73.24% | LR: 0.000049 | Time: 15.5s
  -> New best val accuracy: 73.24%
Epoch [174/200] Train Loss: 2.6875 | Train Acc (approx): 44.15% | Val Loss: 1.1521 | Val Acc: 73.28% | LR: 0.000045 | Time: 15.5s
  -> New best val accuracy: 73.28%
Epoch [175/200] Train Loss: 2.6865 | Train Acc (approx): 44.72% | Val Loss: 1.1543 | Val Acc: 73.06% | LR: 0.000042 | Time: 15.0s
Epoch [176/200] Train Loss: 2.6993 | Train Acc (approx): 41.76% | Val Loss: 1.1407 | Val Acc: 73.34% | LR: 0.000039 | Time: 15.1s
  -> New best val accuracy: 73.34%
Epoch [177/200] Train Loss: 2.6647 | Train Acc (approx): 44.89% | Val Loss: 1.1409 | Val Acc: 72.90% | LR: 0.000036 | Time: 15.3s
Epoch [178/200] Train Loss: 2.6320 | Train Acc (approx): 44.91% | Val Loss: 1.1371 | Val Acc: 73.02% | LR: 0.000033 | Time: 14.9s
Epoch [179/200] Train Loss: 2.6705 | Train Acc (approx): 44.21% | Val Loss: 1.1347 | Val Acc: 72.98% | LR: 0.000030 | Time: 15.3s
Epoch [180/200] Train Loss: 2.6725 | Train Acc (approx): 44.25% | Val Loss: 1.1342 | Val Acc: 73.26% | LR: 0.000027 | Time: 14.6s
Epoch [181/200] Train Loss: 2.6618 | Train Acc (approx): 45.17% | Val Loss: 1.1374 | Val Acc: 73.00% | LR: 0.000024 | Time: 14.1s
Epoch [182/200] Train Loss: 2.6535 | Train Acc (approx): 45.49% | Val Loss: 1.1427 | Val Acc: 72.84% | LR: 0.000022 | Time: 14.7s
Epoch [183/200] Train Loss: 2.6260 | Train Acc (approx): 45.89% | Val Loss: 1.1413 | Val Acc: 73.08% | LR: 0.000020 | Time: 15.7s
Epoch [184/200] Train Loss: 2.6378 | Train Acc (approx): 43.53% | Val Loss: 1.1360 | Val Acc: 72.84% | LR: 0.000017 | Time: 15.6s
Epoch [185/200] Train Loss: 2.6395 | Train Acc (approx): 44.85% | Val Loss: 1.1270 | Val Acc: 73.56% | LR: 0.000015 | Time: 15.0s
  -> New best val accuracy: 73.56%
Epoch [186/200] Train Loss: 2.6125 | Train Acc (approx): 42.87% | Val Loss: 1.1296 | Val Acc: 73.52% | LR: 0.000013 | Time: 14.6s
Epoch [187/200] Train Loss: 2.6784 | Train Acc (approx): 43.19% | Val Loss: 1.1321 | Val Acc: 73.50% | LR: 0.000012 | Time: 14.6s
Epoch [188/200] Train Loss: 2.6198 | Train Acc (approx): 44.00% | Val Loss: 1.1296 | Val Acc: 73.30% | LR: 0.000010 | Time: 15.5s
Epoch [189/200] Train Loss: 2.6588 | Train Acc (approx): 44.86% | Val Loss: 1.1313 | Val Acc: 73.38% | LR: 0.000008 | Time: 15.4s
Epoch [190/200] Train Loss: 2.7170 | Train Acc (approx): 45.13% | Val Loss: 1.1298 | Val Acc: 73.64% | LR: 0.000007 | Time: 14.7s
  -> New best val accuracy: 73.64%
Epoch [191/200] Train Loss: 2.6458 | Train Acc (approx): 44.54% | Val Loss: 1.1308 | Val Acc: 73.66% | LR: 0.000006 | Time: 15.5s
  -> New best val accuracy: 73.66%
Epoch [192/200] Train Loss: 2.6624 | Train Acc (approx): 40.85% | Val Loss: 1.1324 | Val Acc: 73.58% | LR: 0.000004 | Time: 14.7s
Epoch [193/200] Train Loss: 2.6399 | Train Acc (approx): 44.00% | Val Loss: 1.1318 | Val Acc: 73.48% | LR: 0.000003 | Time: 15.2s
Epoch [194/200] Train Loss: 2.6321 | Train Acc (approx): 45.68% | Val Loss: 1.1314 | Val Acc: 73.46% | LR: 0.000002 | Time: 14.7s
Epoch [195/200] Train Loss: 2.6414 | Train Acc (approx): 43.62% | Val Loss: 1.1312 | Val Acc: 73.60% | LR: 0.000002 | Time: 15.0s
Epoch [196/200] Train Loss: 2.6261 | Train Acc (approx): 45.00% | Val Loss: 1.1317 | Val Acc: 73.48% | LR: 0.000001 | Time: 15.4s
Epoch [197/200] Train Loss: 2.6701 | Train Acc (approx): 44.47% | Val Loss: 1.1318 | Val Acc: 73.58% | LR: 0.000001 | Time: 15.2s
Epoch [198/200] Train Loss: 2.6364 | Train Acc (approx): 46.79% | Val Loss: 1.1314 | Val Acc: 73.54% | LR: 0.000000 | Time: 15.2s
Epoch [199/200] Train Loss: 2.6132 | Train Acc (approx): 43.80% | Val Loss: 1.1312 | Val Acc: 73.58% | LR: 0.000000 | Time: 15.1s
Epoch [200/200] Train Loss: 2.6328 | Train Acc (approx): 44.23% | Val Loss: 1.1312 | Val Acc: 73.58% | LR: 0.000000 | Time: 15.3s

Training completed in 49.9 minutes
Best validation accuracy: 73.66%

Evaluating best model on test set...
Test Loss: 1.1331 | Test Accuracy (Top-1): 72.96%
Metrics saved to ./results/modified_metrics.json

Done!

Modified ViT training completed at Tue Aug 18 07:08:58 IST 2026
